2025-12-04 00:06:36,691 - __main__ - INFO - ============================================================
2025-12-04 00:06:36,692 - __main__ - INFO - Twitter Sentiment Analysis - Spark Streaming Component
2025-12-04 00:06:36,692 - __main__ - INFO - ============================================================
2025-12-04 00:06:36,693 - __main__ - ERROR - Model not found at ./models/model.pkl
2025-12-04 00:06:36,693 - __main__ - INFO - Please run train_model.py first
2025-12-04 00:09:00,822 - __main__ - INFO - ============================================================
2025-12-04 00:09:00,822 - __main__ - INFO - Twitter Sentiment Analysis - Spark Streaming Component
2025-12-04 00:09:00,823 - __main__ - INFO - ============================================================
2025-12-04 00:09:00,829 - __main__ - INFO - Loading sentiment model...
2025-12-04 00:09:00,829 - __main__ - INFO - Loading model from ./models/model.pkl
2025-12-04 00:09:03,217 - __main__ - INFO - Loading vectorizer from ./models/vectorizer.pkl
2025-12-04 00:09:03,254 - __main__ - INFO - Creating Spark Streaming context...
2025-12-04 00:09:33,207 - py4j.java_gateway - INFO - Callback Server Starting
2025-12-04 00:09:33,207 - py4j.java_gateway - INFO - Socket listening on ('127.0.0.1', 50720)
2025-12-04 00:09:33,640 - __main__ - INFO - Listening for tweets on localhost:9999
2025-12-04 00:09:34,151 - __main__ - INFO - Starting Spark Streaming...
2025-12-04 00:09:34,151 - __main__ - INFO - Press Ctrl+C to stop
2025-12-04 00:09:34,151 - __main__ - INFO - Dashboard will be updated in 10s batches
2025-12-04 00:09:34,434 - py4j.clientserver - INFO - Python Server ready to receive messages
2025-12-04 00:09:34,435 - py4j.clientserver - INFO - Received command c on object id p0
2025-12-04 00:09:34,449 - py4j.clientserver - INFO - Received command c on object id p0
2025-12-04 00:09:40,185 - py4j.clientserver - INFO - Python Server ready to receive messages
2025-12-04 00:09:40,186 - py4j.clientserver - INFO - Received command c on object id p1
2025-12-04 00:09:40,187 - py4j.clientserver - INFO - Python Server ready to receive messages
2025-12-04 00:09:40,188 - py4j.clientserver - INFO - Received command c on object id p0
2025-12-04 00:09:40,195 - py4j.clientserver - INFO - Received command c on object id p0
2025-12-04 00:09:40,281 - py4j.clientserver - INFO - Received command c on object id p1
2025-12-04 00:09:40,297 - py4j.clientserver - INFO - Received command c on object id p0
2025-12-04 00:09:40,302 - py4j.clientserver - INFO - Received command c on object id p0
2025-12-04 00:09:50,006 - py4j.clientserver - INFO - Received command c on object id p1
2025-12-04 00:09:50,008 - py4j.clientserver - INFO - Received command c on object id p0
2025-12-04 00:09:50,015 - py4j.clientserver - INFO - Received command c on object id p0
2025-12-04 00:09:50,117 - py4j.clientserver - INFO - Received command c on object id p1
2025-12-04 00:09:50,174 - py4j.clientserver - INFO - Received command c on object id p0
2025-12-04 00:09:50,182 - py4j.clientserver - INFO - Received command c on object id p0
2025-12-04 00:10:00,004 - py4j.clientserver - INFO - Received command c on object id p1
2025-12-04 00:10:00,005 - py4j.clientserver - INFO - Received command c on object id p0
2025-12-04 00:10:00,010 - py4j.clientserver - INFO - Received command c on object id p0
2025-12-04 00:10:00,083 - py4j.clientserver - INFO - Received command c on object id p1
2025-12-04 00:10:00,088 - py4j.clientserver - INFO - Received command c on object id p0
2025-12-04 00:10:00,093 - py4j.clientserver - INFO - Received command c on object id p0
2025-12-04 00:10:10,004 - py4j.clientserver - INFO - Received command c on object id p1
2025-12-04 00:10:10,006 - py4j.clientserver - INFO - Received command c on object id p0
2025-12-04 00:10:10,010 - py4j.clientserver - INFO - Received command c on object id p0
2025-12-04 00:10:10,075 - py4j.clientserver - INFO - Received command c on object id p1
2025-12-04 00:10:10,080 - py4j.clientserver - INFO - Received command c on object id p0
2025-12-04 00:10:10,084 - py4j.clientserver - INFO - Received command c on object id p0
2025-12-04 00:10:20,005 - py4j.clientserver - INFO - Received command c on object id p1
2025-12-04 00:10:20,006 - py4j.clientserver - INFO - Received command c on object id p0
2025-12-04 00:10:20,010 - py4j.clientserver - INFO - Received command c on object id p0
2025-12-04 00:10:20,097 - py4j.clientserver - INFO - Received command c on object id p1
2025-12-04 00:10:20,101 - py4j.clientserver - INFO - Received command c on object id p0
2025-12-04 00:10:20,113 - py4j.clientserver - INFO - Received command c on object id p0
2025-12-04 00:10:30,005 - py4j.clientserver - INFO - Received command c on object id p0
2025-12-04 00:10:30,005 - py4j.clientserver - INFO - Received command c on object id p1
2025-12-04 00:10:30,009 - py4j.clientserver - INFO - Received command c on object id p0
2025-12-04 00:10:30,069 - py4j.clientserver - INFO - Received command c on object id p1
2025-12-04 00:10:30,074 - py4j.clientserver - INFO - Received command c on object id p0
2025-12-04 00:10:30,078 - py4j.clientserver - INFO - Received command c on object id p0
2025-12-04 00:10:40,005 - py4j.clientserver - INFO - Received command c on object id p1
2025-12-04 00:10:40,005 - py4j.clientserver - INFO - Received command c on object id p0
2025-12-04 00:10:40,009 - py4j.clientserver - INFO - Received command c on object id p0
2025-12-04 00:10:40,070 - py4j.clientserver - INFO - Received command c on object id p1
2025-12-04 00:10:40,074 - py4j.clientserver - INFO - Received command c on object id p0
2025-12-04 00:10:40,078 - py4j.clientserver - INFO - Received command c on object id p0
2025-12-04 00:10:50,073 - py4j.clientserver - INFO - Received command c on object id p1
2025-12-04 00:10:50,075 - py4j.clientserver - INFO - Received command c on object id p0
2025-12-04 00:10:50,078 - py4j.clientserver - INFO - Received command c on object id p0
2025-12-04 00:10:50,140 - py4j.clientserver - INFO - Received command c on object id p1
2025-12-04 00:10:50,144 - py4j.clientserver - INFO - Received command c on object id p0
2025-12-04 00:10:50,149 - py4j.clientserver - INFO - Received command c on object id p0
2025-12-04 00:11:00,004 - py4j.clientserver - INFO - Received command c on object id p1
2025-12-04 00:11:00,005 - py4j.clientserver - INFO - Received command c on object id p0
2025-12-04 00:11:00,008 - py4j.clientserver - INFO - Received command c on object id p0
2025-12-04 00:11:00,063 - py4j.clientserver - INFO - Received command c on object id p1
2025-12-04 00:11:00,068 - py4j.clientserver - INFO - Received command c on object id p0
2025-12-04 00:11:00,071 - py4j.clientserver - INFO - Received command c on object id p0
2025-12-04 00:11:10,004 - py4j.clientserver - INFO - Received command c on object id p1
2025-12-04 00:11:10,005 - py4j.clientserver - INFO - Received command c on object id p0
2025-12-04 00:11:10,009 - py4j.clientserver - INFO - Received command c on object id p0
2025-12-04 00:11:10,075 - py4j.clientserver - INFO - Received command c on object id p1
2025-12-04 00:11:10,079 - py4j.clientserver - INFO - Received command c on object id p0
2025-12-04 00:11:10,084 - py4j.clientserver - INFO - Received command c on object id p0
2025-12-04 00:11:20,004 - py4j.clientserver - INFO - Received command c on object id p1
2025-12-04 00:11:20,005 - py4j.clientserver - INFO - Received command c on object id p0
2025-12-04 00:11:20,008 - py4j.clientserver - INFO - Received command c on object id p0
2025-12-04 00:11:20,055 - py4j.clientserver - INFO - Received command c on object id p1
2025-12-04 00:11:20,058 - py4j.clientserver - INFO - Received command c on object id p0
2025-12-04 00:11:20,061 - py4j.clientserver - INFO - Received command c on object id p0
2025-12-04 00:11:30,004 - py4j.clientserver - INFO - Received command c on object id p1
2025-12-04 00:11:30,004 - py4j.clientserver - INFO - Received command c on object id p0
2025-12-04 00:11:30,007 - py4j.clientserver - INFO - Received command c on object id p0
2025-12-04 00:11:30,063 - py4j.clientserver - INFO - Received command c on object id p1
2025-12-04 00:11:30,066 - py4j.clientserver - INFO - Received command c on object id p0
2025-12-04 00:11:30,071 - py4j.clientserver - INFO - Received command c on object id p0
2025-12-04 00:11:40,005 - py4j.clientserver - INFO - Received command c on object id p1
2025-12-04 00:11:40,005 - py4j.clientserver - INFO - Received command c on object id p0
2025-12-04 00:11:40,009 - py4j.clientserver - INFO - Received command c on object id p0
2025-12-04 00:11:40,064 - py4j.clientserver - INFO - Received command c on object id p1
2025-12-04 00:11:40,069 - py4j.clientserver - INFO - Received command c on object id p0
2025-12-04 00:11:40,073 - py4j.clientserver - INFO - Received command c on object id p0
2025-12-04 00:11:50,003 - py4j.clientserver - INFO - Received command c on object id p1
2025-12-04 00:11:50,003 - py4j.clientserver - INFO - Received command c on object id p0
2025-12-04 00:11:50,007 - py4j.clientserver - INFO - Received command c on object id p0
2025-12-04 00:11:50,069 - py4j.clientserver - INFO - Received command c on object id p1
2025-12-04 00:11:50,073 - py4j.clientserver - INFO - Received command c on object id p0
2025-12-04 00:11:50,076 - py4j.clientserver - INFO - Received command c on object id p0
2025-12-04 00:12:00,069 - py4j.clientserver - INFO - Received command c on object id p1
2025-12-04 00:12:00,070 - py4j.clientserver - INFO - Received command c on object id p0
2025-12-04 00:12:00,073 - py4j.clientserver - INFO - Received command c on object id p0
2025-12-04 00:12:00,136 - py4j.clientserver - INFO - Received command c on object id p1
2025-12-04 00:12:00,140 - py4j.clientserver - INFO - Received command c on object id p0
2025-12-04 00:12:00,144 - py4j.clientserver - INFO - Received command c on object id p0
2025-12-04 00:12:10,005 - py4j.clientserver - INFO - Received command c on object id p1
2025-12-04 00:12:10,005 - py4j.clientserver - INFO - Received command c on object id p0
2025-12-04 00:12:10,008 - py4j.clientserver - INFO - Received command c on object id p0
2025-12-04 00:12:10,075 - py4j.clientserver - INFO - Received command c on object id p1
2025-12-04 00:12:10,078 - py4j.clientserver - INFO - Received command c on object id p0
2025-12-04 00:12:10,081 - py4j.clientserver - INFO - Received command c on object id p0
2025-12-04 00:12:20,005 - py4j.clientserver - INFO - Received command c on object id p1
2025-12-04 00:12:20,005 - py4j.clientserver - INFO - Received command c on object id p0
2025-12-04 00:12:20,009 - py4j.clientserver - INFO - Received command c on object id p0
2025-12-04 00:12:20,075 - py4j.clientserver - INFO - Received command c on object id p1
2025-12-04 00:12:20,079 - py4j.clientserver - INFO - Received command c on object id p0
2025-12-04 00:12:20,082 - py4j.clientserver - INFO - Received command c on object id p0
2025-12-04 00:12:30,004 - py4j.clientserver - INFO - Received command c on object id p1
2025-12-04 00:12:30,005 - py4j.clientserver - INFO - Received command c on object id p0
2025-12-04 00:12:30,009 - py4j.clientserver - INFO - Received command c on object id p0
2025-12-04 00:12:30,070 - py4j.clientserver - INFO - Received command c on object id p1
2025-12-04 00:12:30,073 - py4j.clientserver - INFO - Received command c on object id p0
2025-12-04 00:12:30,077 - py4j.clientserver - INFO - Received command c on object id p0
2025-12-04 00:12:40,004 - py4j.clientserver - INFO - Received command c on object id p1
2025-12-04 00:12:40,004 - py4j.clientserver - INFO - Received command c on object id p0
2025-12-04 00:12:40,007 - py4j.clientserver - INFO - Received command c on object id p0
2025-12-04 00:12:40,051 - py4j.clientserver - INFO - Received command c on object id p1
2025-12-04 00:12:40,054 - py4j.clientserver - INFO - Received command c on object id p0
2025-12-04 00:12:40,057 - py4j.clientserver - INFO - Received command c on object id p0
2025-12-04 00:12:50,003 - py4j.clientserver - INFO - Received command c on object id p1
2025-12-04 00:12:50,004 - py4j.clientserver - INFO - Received command c on object id p0
2025-12-04 00:12:50,007 - py4j.clientserver - INFO - Received command c on object id p0
2025-12-04 00:12:50,061 - py4j.clientserver - INFO - Received command c on object id p1
2025-12-04 00:12:50,064 - py4j.clientserver - INFO - Received command c on object id p0
2025-12-04 00:12:50,067 - py4j.clientserver - INFO - Received command c on object id p0
2025-12-04 00:13:00,061 - py4j.clientserver - INFO - Received command c on object id p1
2025-12-04 00:13:00,061 - py4j.clientserver - INFO - Received command c on object id p0
2025-12-04 00:13:00,064 - py4j.clientserver - INFO - Received command c on object id p0
2025-12-04 00:13:00,112 - py4j.clientserver - INFO - Received command c on object id p1
2025-12-04 00:13:00,115 - py4j.clientserver - INFO - Received command c on object id p0
2025-12-04 00:13:00,118 - py4j.clientserver - INFO - Received command c on object id p0
2025-12-04 00:13:08,140 - py4j.clientserver - INFO - Error while receiving.
Traceback (most recent call last):
  File "C:\Users\param\AppData\Local\Programs\Python\Python313\Lib\site-packages\py4j\clientserver.py", line 511, in send_command
    answer = smart_decode(self.stream.readline()[:-1])
                          ~~~~~~~~~~~~~~~~~~~~^^
  File "C:\Users\param\AppData\Local\Programs\Python\Python313\Lib\socket.py", line 719, in readinto
    return self._sock.recv_into(b)
           ~~~~~~~~~~~~~~~~~~~~^^^
ConnectionResetError: [WinError 10054] An existing connection was forcibly closed by the remote host
2025-12-04 00:13:39,069 - __main__ - INFO - ============================================================
2025-12-04 00:13:39,070 - __main__ - INFO - Twitter Sentiment Analysis - Spark Streaming Component
2025-12-04 00:13:39,070 - __main__ - INFO - ============================================================
2025-12-04 00:13:39,070 - __main__ - INFO - Loading sentiment model...
2025-12-04 00:13:39,071 - __main__ - INFO - Loading model from ./models/model.pkl
2025-12-04 00:13:41,529 - __main__ - INFO - Loading vectorizer from ./models/vectorizer.pkl
2025-12-04 00:13:41,554 - __main__ - INFO - Creating Spark Streaming context...
2025-12-04 00:13:50,511 - py4j.java_gateway - INFO - Callback Server Starting
2025-12-04 00:13:50,512 - py4j.java_gateway - INFO - Socket listening on ('127.0.0.1', 50070)
2025-12-04 00:13:50,864 - __main__ - INFO - Listening for tweets on localhost:9999
2025-12-04 00:13:51,355 - __main__ - INFO - Starting Spark Streaming...
2025-12-04 00:13:51,355 - __main__ - INFO - Press Ctrl+C to stop
2025-12-04 00:13:51,356 - __main__ - INFO - Dashboard will be updated in 10s batches
2025-12-04 00:13:51,626 - py4j.clientserver - INFO - Python Server ready to receive messages
2025-12-04 00:13:51,627 - py4j.clientserver - INFO - Received command c on object id p0
2025-12-04 00:13:51,641 - py4j.clientserver - INFO - Received command c on object id p0
2025-12-04 00:14:14,926 - py4j.clientserver - INFO - Error while receiving.
Traceback (most recent call last):
  File "C:\Users\param\AppData\Local\Programs\Python\Python313\Lib\site-packages\py4j\clientserver.py", line 511, in send_command
    answer = smart_decode(self.stream.readline()[:-1])
                          ~~~~~~~~~~~~~~~~~~~~^^
RuntimeError: reentrant call inside <_io.BufferedReader name=1232>
2025-12-04 00:14:14,928 - py4j.clientserver - INFO - Closing down clientserver connection
2025-12-04 00:14:14,928 - root - ERROR - Exception while sending command.
Traceback (most recent call last):
  File "C:\Users\param\AppData\Local\Programs\Python\Python313\Lib\site-packages\py4j\clientserver.py", line 511, in send_command
    answer = smart_decode(self.stream.readline()[:-1])
                          ~~~~~~~~~~~~~~~~~~~~^^
RuntimeError: reentrant call inside <_io.BufferedReader name=1232>

During handling of the above exception, another exception occurred:

Traceback (most recent call last):
  File "C:\Users\param\AppData\Local\Programs\Python\Python313\Lib\site-packages\py4j\java_gateway.py", line 1038, in send_command
    response = connection.send_command(command)
  File "C:\Users\param\AppData\Local\Programs\Python\Python313\Lib\site-packages\py4j\clientserver.py", line 539, in send_command
    raise Py4JNetworkError(
        "Error while sending or receiving", e, proto.ERROR_ON_RECEIVE)
py4j.protocol.Py4JNetworkError: Error while sending or receiving
2025-12-04 00:14:14,931 - py4j.clientserver - INFO - Error while receiving.
Traceback (most recent call last):
  File "C:\Users\param\AppData\Local\Programs\Python\Python313\Lib\site-packages\py4j\clientserver.py", line 511, in send_command
    answer = smart_decode(self.stream.readline()[:-1])
                          ~~~~~~~~~~~~~~~~~~~~^^
  File "C:\Users\param\AppData\Local\Programs\Python\Python313\Lib\socket.py", line 719, in readinto
    return self._sock.recv_into(b)
           ~~~~~~~~~~~~~~~~~~~~^^^
  File "C:\Users\param\AppData\Local\Programs\Python\Python313\Lib\site-packages\pyspark\context.py", line 381, in signal_handler
    self.cancelAllJobs()
    ~~~~~~~~~~~~~~~~~~^^
  File "C:\Users\param\AppData\Local\Programs\Python\Python313\Lib\site-packages\pyspark\context.py", line 2446, in cancelAllJobs
    self._jsc.sc().cancelAllJobs()
    ~~~~~~~~~~~~^^
  File "C:\Users\param\AppData\Local\Programs\Python\Python313\Lib\site-packages\py4j\java_gateway.py", line 1322, in __call__
    return_value = get_return_value(
        answer, self.gateway_client, self.target_id, self.name)
  File "C:\Users\param\AppData\Local\Programs\Python\Python313\Lib\site-packages\pyspark\errors\exceptions\captured.py", line 179, in deco
    return f(*a, **kw)
  File "C:\Users\param\AppData\Local\Programs\Python\Python313\Lib\site-packages\py4j\protocol.py", line 334, in get_return_value
    raise Py4JError(
        "An error occurred while calling {0}{1}{2}".
        format(target_id, ".", name))
py4j.protocol.Py4JError: An error occurred while calling o16.sc
2025-12-04 00:14:14,985 - py4j.clientserver - INFO - Closing down clientserver connection
2025-12-04 00:14:14,985 - root - ERROR - Exception while sending command.
Traceback (most recent call last):
  File "C:\Users\param\AppData\Local\Programs\Python\Python313\Lib\site-packages\py4j\clientserver.py", line 511, in send_command
    answer = smart_decode(self.stream.readline()[:-1])
                          ~~~~~~~~~~~~~~~~~~~~^^
  File "C:\Users\param\AppData\Local\Programs\Python\Python313\Lib\socket.py", line 719, in readinto
    return self._sock.recv_into(b)
           ~~~~~~~~~~~~~~~~~~~~^^^
  File "C:\Users\param\AppData\Local\Programs\Python\Python313\Lib\site-packages\pyspark\context.py", line 381, in signal_handler
    self.cancelAllJobs()
    ~~~~~~~~~~~~~~~~~~^^
  File "C:\Users\param\AppData\Local\Programs\Python\Python313\Lib\site-packages\pyspark\context.py", line 2446, in cancelAllJobs
    self._jsc.sc().cancelAllJobs()
    ~~~~~~~~~~~~^^
  File "C:\Users\param\AppData\Local\Programs\Python\Python313\Lib\site-packages\py4j\java_gateway.py", line 1322, in __call__
    return_value = get_return_value(
        answer, self.gateway_client, self.target_id, self.name)
  File "C:\Users\param\AppData\Local\Programs\Python\Python313\Lib\site-packages\pyspark\errors\exceptions\captured.py", line 179, in deco
    return f(*a, **kw)
  File "C:\Users\param\AppData\Local\Programs\Python\Python313\Lib\site-packages\py4j\protocol.py", line 334, in get_return_value
    raise Py4JError(
        "An error occurred while calling {0}{1}{2}".
        format(target_id, ".", name))
py4j.protocol.Py4JError: An error occurred while calling o16.sc

During handling of the above exception, another exception occurred:

Traceback (most recent call last):
  File "C:\Users\param\AppData\Local\Programs\Python\Python313\Lib\site-packages\py4j\java_gateway.py", line 1038, in send_command
    response = connection.send_command(command)
  File "C:\Users\param\AppData\Local\Programs\Python\Python313\Lib\site-packages\py4j\clientserver.py", line 539, in send_command
    raise Py4JNetworkError(
        "Error while sending or receiving", e, proto.ERROR_ON_RECEIVE)
py4j.protocol.Py4JNetworkError: Error while sending or receiving
2025-12-04 00:14:14,989 - py4j.clientserver - INFO - Closing down clientserver connection
2025-12-04 00:14:14,989 - __main__ - ERROR - Fatal error: An error occurred while calling o31.awaitTermination
2025-12-04 00:14:15,024 - py4j.clientserver - INFO - Closing down clientserver connection
2025-12-04 00:22:26,067 - __main__ - INFO - ============================================================
2025-12-04 00:22:26,067 - __main__ - INFO - Twitter Sentiment Analysis - Spark Streaming Component
2025-12-04 00:22:26,068 - __main__ - INFO - ============================================================
2025-12-04 00:22:26,068 - __main__ - INFO - Loading sentiment model...
2025-12-04 00:22:26,069 - __main__ - INFO - Loading model from ./models/model.pkl
2025-12-04 00:22:26,072 - __main__ - ERROR - Error loading model: No module named 'sklearn'
2025-12-04 00:22:26,072 - __main__ - ERROR - Fatal error: No module named 'sklearn'
2025-12-04 01:22:15,750 - __main__ - INFO - ============================================================
2025-12-04 01:22:15,751 - __main__ - INFO - Twitter Sentiment Analysis - Spark Streaming Component
2025-12-04 01:22:15,751 - __main__ - INFO - ============================================================
2025-12-04 01:22:15,752 - __main__ - INFO - Loading sentiment model...
2025-12-04 01:22:15,752 - __main__ - INFO - Loading model from ./models/model.pkl
2025-12-04 01:22:18,292 - __main__ - INFO - Loading vectorizer from ./models/vectorizer.pkl
2025-12-04 01:22:18,337 - __main__ - INFO - Creating Spark Streaming context...
2025-12-04 01:29:45,984 - __main__ - INFO - 
Shutting down gracefully...
